------------------------------------------------------------
TimeQuest Timing Analyzer Summary
------------------------------------------------------------

Type  : Slow 1200mV 85C Model Setup 'u_clkrst|u_mypll|altpll_component|auto_generated|pll1|clk[0]'
Slack : -0.381
TNS   : -2.557

Type  : Slow 1200mV 85C Model Hold 'u_clkrst|u_mypll|altpll_component|auto_generated|pll1|clk[0]'
Slack : 0.435
TNS   : 0.000

Type  : Slow 1200mV 85C Model Recovery 'u_clkrst|u_mypll|altpll_component|auto_generated|pll1|clk[0]'
Slack : -3.705
TNS   : -7.410

Type  : Slow 1200mV 85C Model Removal 'u_clkrst|u_mypll|altpll_component|auto_generated|pll1|clk[0]'
Slack : 2.934
TNS   : 0.000

Type  : Slow 1200mV 85C Model Minimum Pulse Width 'u_clkrst|u_mypll|altpll_component|auto_generated|pll1|clk[0]'
Slack : 3.238
TNS   : 0.000

Type  : Slow 1200mV 85C Model Minimum Pulse Width 'clk_in'
Slack : 18.259
TNS   : 0.000

Type  : Slow 1200mV 0C Model Setup 'u_clkrst|u_mypll|altpll_component|auto_generated|pll1|clk[0]'
Slack : 0.020
TNS   : 0.000

Type  : Slow 1200mV 0C Model Hold 'u_clkrst|u_mypll|altpll_component|auto_generated|pll1|clk[0]'
Slack : 0.384
TNS   : 0.000

Type  : Slow 1200mV 0C Model Recovery 'u_clkrst|u_mypll|altpll_component|auto_generated|pll1|clk[0]'
Slack : -3.231
TNS   : -6.462

Type  : Slow 1200mV 0C Model Removal 'u_clkrst|u_mypll|altpll_component|auto_generated|pll1|clk[0]'
Slack : 2.594
TNS   : 0.000

Type  : Slow 1200mV 0C Model Minimum Pulse Width 'u_clkrst|u_mypll|altpll_component|auto_generated|pll1|clk[0]'
Slack : 3.212
TNS   : 0.000

Type  : Slow 1200mV 0C Model Minimum Pulse Width 'clk_in'
Slack : 18.207
TNS   : 0.000

Type  : Fast 1200mV 0C Model Setup 'u_clkrst|u_mypll|altpll_component|auto_generated|pll1|clk[0]'
Slack : 3.906
TNS   : 0.000

Type  : Fast 1200mV 0C Model Hold 'u_clkrst|u_mypll|altpll_component|auto_generated|pll1|clk[0]'
Slack : 0.179
TNS   : 0.000

Type  : Fast 1200mV 0C Model Recovery 'u_clkrst|u_mypll|altpll_component|auto_generated|pll1|clk[0]'
Slack : -1.772
TNS   : -3.544

Type  : Fast 1200mV 0C Model Removal 'u_clkrst|u_mypll|altpll_component|auto_generated|pll1|clk[0]'
Slack : 1.481
TNS   : 0.000

Type  : Fast 1200mV 0C Model Minimum Pulse Width 'u_clkrst|u_mypll|altpll_component|auto_generated|pll1|clk[0]'
Slack : 3.350
TNS   : 0.000

Type  : Fast 1200mV 0C Model Minimum Pulse Width 'clk_in'
Slack : 18.016
TNS   : 0.000

------------------------------------------------------------
