------------------------------------------------------------
TimeQuest Timing Analyzer Summary
------------------------------------------------------------

Type  : Slow 1200mV 85C Model Setup 'u_clkrst|u_mypll|altpll_component|auto_generated|pll1|clk[0]'
Slack : -0.167
TNS   : -0.734

Type  : Slow 1200mV 85C Model Hold 'u_clkrst|u_mypll|altpll_component|auto_generated|pll1|clk[0]'
Slack : 0.435
TNS   : 0.000

Type  : Slow 1200mV 85C Model Recovery 'u_clkrst|u_mypll|altpll_component|auto_generated|pll1|clk[0]'
Slack : -4.043
TNS   : -8.086

Type  : Slow 1200mV 85C Model Removal 'u_clkrst|u_mypll|altpll_component|auto_generated|pll1|clk[0]'
Slack : 3.259
TNS   : 0.000

Type  : Slow 1200mV 85C Model Minimum Pulse Width 'u_clkrst|u_mypll|altpll_component|auto_generated|pll1|clk[0]'
Slack : 3.237
TNS   : 0.000

Type  : Slow 1200mV 85C Model Minimum Pulse Width 'clk_in'
Slack : 18.247
TNS   : 0.000

Type  : Slow 1200mV 0C Model Setup 'u_clkrst|u_mypll|altpll_component|auto_generated|pll1|clk[0]'
Slack : 0.340
TNS   : 0.000

Type  : Slow 1200mV 0C Model Hold 'u_clkrst|u_mypll|altpll_component|auto_generated|pll1|clk[0]'
Slack : 0.384
TNS   : 0.000

Type  : Slow 1200mV 0C Model Recovery 'u_clkrst|u_mypll|altpll_component|auto_generated|pll1|clk[0]'
Slack : -3.516
TNS   : -7.032

Type  : Slow 1200mV 0C Model Removal 'u_clkrst|u_mypll|altpll_component|auto_generated|pll1|clk[0]'
Slack : 2.867
TNS   : 0.000

Type  : Slow 1200mV 0C Model Minimum Pulse Width 'u_clkrst|u_mypll|altpll_component|auto_generated|pll1|clk[0]'
Slack : 3.224
TNS   : 0.000

Type  : Slow 1200mV 0C Model Minimum Pulse Width 'clk_in'
Slack : 18.146
TNS   : 0.000

Type  : Fast 1200mV 0C Model Setup 'u_clkrst|u_mypll|altpll_component|auto_generated|pll1|clk[0]'
Slack : 4.050
TNS   : 0.000

Type  : Fast 1200mV 0C Model Hold 'u_clkrst|u_mypll|altpll_component|auto_generated|pll1|clk[0]'
Slack : 0.179
TNS   : 0.000

Type  : Fast 1200mV 0C Model Recovery 'u_clkrst|u_mypll|altpll_component|auto_generated|pll1|clk[0]'
Slack : -1.933
TNS   : -3.866

Type  : Fast 1200mV 0C Model Removal 'u_clkrst|u_mypll|altpll_component|auto_generated|pll1|clk[0]'
Slack : 1.558
TNS   : 0.000

Type  : Fast 1200mV 0C Model Minimum Pulse Width 'u_clkrst|u_mypll|altpll_component|auto_generated|pll1|clk[0]'
Slack : 3.351
TNS   : 0.000

Type  : Fast 1200mV 0C Model Minimum Pulse Width 'clk_in'
Slack : 18.044
TNS   : 0.000

------------------------------------------------------------
